// Jest Snapshot v1, https://goo.gl/fbAQLP

exports[`circleci-deploy config integration test should generate a .circleci/config.yml with the base config from circleci-deploy/.toolkitrc.yml 1`] = `
"version: 2.1
orbs:
  tool-kit: financial-times/dotcom-tool-kit@5
executors:
  node:
    docker:
      - image: cimg/node:20.19-browsers
jobs:
  checkout:
    docker:
      - image: cimg/base:stable
    steps:
      - checkout
      - tool-kit/persist-workspace:
          path: .
  teardown-review:
    executor: node
    steps:
      - tool-kit/attach-workspace
      - setup_remote_docker:
          docker_layer_caching: true
      - run:
          name: teardown-review
          command: npx dotcom-tool-kit teardown:review
    environment:
      CIRCLE_BRANCH: << pipeline.event.github.pull_request.head.ref >>
workflows:
  tool-kit:
    when: |
      pipeline.trigger_source != "scheduled_pipeline" and
      (pipeline.event.name == "push" or (pipeline.event.name == "pull_request"
      and pipeline.event.action != "closed"))
    jobs:
      - checkout:
          filters:
            tags:
              only: /^v\\d+\\.\\d+\\.\\d+(-.+)?/
      - tool-kit/setup:
          executor: node
          requires:
            - checkout
          filters:
            tags:
              only: /^v\\d+\\.\\d+\\.\\d+(-.+)?/
      - tool-kit/build:
          executor: node
          requires:
            - tool-kit/setup
          filters:
            tags:
              only: /^v\\d+\\.\\d+\\.\\d+(-.+)?/
      - tool-kit/test:
          executor: node
          requires:
            - tool-kit/build
          filters:
            tags:
              only: /^v\\d+\\.\\d+\\.\\d+(-.+)?/
      - tool-kit/deploy-review:
          executor: node
          requires:
            - tool-kit/build
          filters:
            branches:
              ignore: main
      - tool-kit/deploy-staging:
          executor: node
          requires:
            - tool-kit/build
          filters:
            tags:
              only: /^v\\d+\\.\\d+\\.\\d+(-.+)?/
            branches:
              only: main
      - tool-kit/e2e-test-review:
          executor: node
          requires:
            - tool-kit/deploy-review
      - tool-kit/e2e-test-staging:
          executor: node
          requires:
            - tool-kit/deploy-staging
          filters:
            tags:
              only: /^v\\d+\\.\\d+\\.\\d+(-.+)?/
      - tool-kit/deploy-production:
          executor: node
          requires:
            - tool-kit/test
            - tool-kit/e2e-test-staging
          filters:
            tags:
              only: /^v\\d+\\.\\d+\\.\\d+(-.+)?/
            branches:
              only: main
  nightly:
    when:
      and:
        - equal:
            - scheduled_pipeline
            - << pipeline.trigger_source >>
        - equal:
            - nightly
            - << pipeline.schedule.name >>
    jobs:
      - checkout
      - tool-kit/setup:
          executor: node
          requires:
            - checkout
      - tool-kit/build:
          executor: node
          requires:
            - tool-kit/setup
      - tool-kit/test:
          executor: node
          requires:
            - tool-kit/build
      - tool-kit/deploy-review:
          executor: node
          requires:
            - tool-kit/build
          filters:
            branches:
              ignore: main
  pr-close:
    jobs:
      - checkout:
          requires: []
      - tool-kit/setup:
          executor: node
          requires:
            - checkout
      - teardown-review:
          requires:
            - tool-kit/setup
    when: >
      pipeline.trigger_source != "scheduled_pipeline" and

      (pipeline.event.name == "pull_request" and pipeline.event.action ==
      "closed")
"
`;
