// Jest Snapshot v1, https://goo.gl/fbAQLP

exports[`CircleCI config hook config integration test should generate a .circleci/config.yml with the base config from circleci/.toolkitrc.yml 1`] = `
"version: 2.1
executors:
  base:
    docker:
      - image: cimg/base:stable
  node:
    docker:
      - image: cimg/node:20.19-browsers
jobs:
  checkout:
    executor: base
    steps:
      - attach_workspace:
          at: .
      - checkout
      - persist_to_workspace:
          root: .
          paths:
            - .
  setup:
    executor: node
    steps:
      - attach_workspace:
          at: .
      - node/install-packages
      - persist_to_workspace:
          root: .
          paths:
            - .
  build:
    executor: node
    steps:
      - attach_workspace:
          at: .
      - run:
          name: build
          command: npx dotcom-tool-kit build:ci
      - persist_to_workspace:
          root: .
          paths:
            - .
  test:
    executor: node
    steps:
      - attach_workspace:
          at: .
      - run:
          name: test
          command: npx dotcom-tool-kit test:ci
      - persist_to_workspace:
          root: .
          paths:
            - .toolkitstate
workflows:
  tool-kit:
    jobs:
      - checkout:
          requires: []
          filters:
            tags:
              only: /^v\\d+\\.\\d+\\.\\d+(-.+)?/
      - setup:
          requires:
            - checkout
          filters:
            tags:
              only: /^v\\d+\\.\\d+\\.\\d+(-.+)?/
      - build:
          requires:
            - setup
          filters:
            tags:
              only: /^v\\d+\\.\\d+\\.\\d+(-.+)?/
      - test:
          requires:
            - build
          filters:
            tags:
              only: /^v\\d+\\.\\d+\\.\\d+(-.+)?/
    when: pipeline.trigger_source != "scheduled_pipeline"
  nightly:
    jobs:
      - checkout:
          requires: []
      - setup:
          requires:
            - checkout
      - build:
          requires:
            - setup
      - test:
          requires:
            - build
    when: |
      pipeline.trigger_source == "scheduled_pipeline" and
      pipeline.schedule.name == "nightly"
  pr-close:
    jobs:
      - checkout:
          requires: []
      - setup:
          requires:
            - checkout
    when: >
      pipeline.trigger_source != "scheduled_pipeline" and

      (pipeline.event.name == "pull_request" and pipeline.event.action ==
      "closed")
orbs:
  node: circleci/node@5.0.2
"
`;
