// Jest Snapshot v1, https://goo.gl/fbAQLP

exports[`CircleCI config hook install correctly generates a new configuration file 1`] = `
Object {
  "executors": Object {
    "node": Object {
      "docker": Array [
        Object {
          "image": "cimg/node:16.14-browsers",
        },
      ],
    },
  },
  "jobs": Object {
    "checkout": Object {
      "docker": Array [
        Object {
          "image": "cimg/base:stable",
        },
      ],
      "steps": Array [
        "checkout",
        Object {
          "tool-kit/persist-workspace": Object {
            "path": ".",
          },
        },
      ],
    },
  },
  "orbs": Object {
    "tool-kit": "financial-times/dotcom-tool-kit@4",
  },
  "version": 2.1,
  "workflows": Object {
    "nightly": Object {
      "jobs": Array [
        "checkout",
        Object {
          "tool-kit/setup": Object {
            "matrix": Object {
              "parameters": Object {
                "executor": Array [
                  "node",
                ],
              },
            },
            "name": "tool-kit/setup-<< matrix.executor >>",
            "requires": Array [
              "checkout",
            ],
          },
        },
        Object {
          "test-job": Object {
            "executor": "node",
            "name": "test-job-node",
            "requires": Array [
              "that-job-node",
            ],
          },
        },
      ],
      "when": Object {
        "and": Array [
          Object {
            "equal": Array [
              "scheduled_pipeline",
              "<< pipeline.trigger_source >>",
            ],
          },
          Object {
            "equal": Array [
              "nightly",
              "<< pipeline.schedule.name >>",
            ],
          },
        ],
      },
    },
    "tool-kit": Object {
      "jobs": Array [
        Object {
          "checkout": Object {
            "filters": Object {
              "tags": Object {
                "only": "/^v\\\\d+\\\\.\\\\d+\\\\.\\\\d+(-.+)?/",
              },
            },
          },
        },
        Object {
          "waiting-for-approval": Object {
            "filters": Object {
              "branches": Object {
                "only": "/(^renovate-.*|^nori/.*)/",
              },
            },
            "type": "approval",
          },
        },
        Object {
          "tool-kit/setup": Object {
            "filters": Object {
              "tags": Object {
                "only": "/^v\\\\d+\\\\.\\\\d+\\\\.\\\\d+(-.+)?/",
              },
            },
            "matrix": Object {
              "parameters": Object {
                "executor": Array [
                  "node",
                ],
              },
            },
            "name": "tool-kit/setup-<< matrix.executor >>",
            "requires": Array [
              "checkout",
              "waiting-for-approval",
            ],
          },
        },
        Object {
          "test-job": Object {
            "executor": "node",
            "filters": Object {
              "tags": Object {
                "only": "/^v\\\\d+\\\\.\\\\d+\\\\.\\\\d+(-.+)?/",
              },
            },
            "name": "test-job-node",
            "requires": Array [
              "waiting-for-approval",
              "that-job-node",
            ],
          },
        },
        Object {
          "test-another-job": Object {
            "filters": Object {
              "tags": Object {
                "only": "/^v\\\\d+\\\\.\\\\d+\\\\.\\\\d+(-.+)?/",
              },
            },
            "matrix": Object {
              "parameters": Object {
                "executor": Array [
                  "node",
                ],
              },
            },
            "name": "test-another-job-<< matrix.executor >>",
            "requires": Array [
              "waiting-for-approval",
              "this-job-<< matrix.executor >>",
            ],
          },
        },
      ],
      "when": Object {
        "not": Object {
          "equal": Array [
            "scheduled_pipeline",
            "<< pipeline.trigger_source >>",
          ],
        },
      },
    },
  },
}
`;
